================
 Config checker
================

checkconf.py checks the validity of an xml file. Here we test it works. To
validate a config, the user just runs ./checkconf.py [xmlfilename].

No file
-------

The config checker needs to be passed a file

>>> import subprocess
>>> proc = subprocess.Popen(['python', 'checkconf.py'],
...                         stdout=subprocess.PIPE,
...                         stderr=subprocess.PIPE)
>>> len(proc.stdout.read().strip())
0

>>> print proc.stderr.read().strip()
CheckConf Error: Missing path to XML configuration file as argument.

Missing file
------------

We need to check that the file doesn't actually exists first.

>>> import os
>>> os.path.exists('tests/configs/nonexistent.xml')
False

Now we can pass the nonexistent file path to the config checker

>>> proc = subprocess.Popen(['python', 'checkconf.py', 'tests/configs/nonexistent.xml'],
...                         stdout=subprocess.PIPE,
...                         stderr=subprocess.PIPE)
>>> len(proc.stdout.read().strip())
0

>>> print proc.stderr.read().strip()
CheckConf Error: Couldn't load file 'tests/configs/nonexistent.xml', check it exists and is able to be opened.

Empty file
----------

>>> proc = subprocess.Popen(['python', 'checkconf.py', 'tests/configs/empty.xml'],
...                         stdout=subprocess.PIPE,
...                         stderr=subprocess.PIPE)
>>> len(proc.stdout.read().strip())
0

>>> print proc.stderr.read().strip()
CheckConf Error: Could not parse 'tests/configs/empty.xml', check it contains valid XML configuration.

No root
-------

>>> proc = subprocess.Popen(['python', 'checkconf.py', 'tests/configs/no_root.xml'],
...                         stdout=subprocess.PIPE,
...                         stderr=subprocess.PIPE)
>>> len(proc.stdout.read().strip())
0

>>> print proc.stderr.read().strip()
Entity: line 2: parser error : Start tag expected, '<' not found
...
CheckConf Error: Could not parse 'tests/configs/no_root.xml', check it contains valid XML configuration.

Wrong root
----------

This error is thrown by the DTD validator

>>> proc = subprocess.Popen(['python', 'checkconf.py', 'tests/configs/wrong_root.xml'],
...                         stdout=subprocess.PIPE,
...                         stderr=subprocess.PIPE)
>>> print proc.stderr.read().strip()
No declaration for element wrongroot
CheckConf Error: XML in 'tests/configs/wrong_root.xml' not valid, see error(s) above.

>>> len(proc.stdout.read().strip())
0

No mappings
-----------

This error is thrown by the DTD validator

>>> proc = subprocess.Popen(['python', 'checkconf.py', 'tests/configs/no_mappings.xml'],
...                         stdout=subprocess.PIPE,
...                         stderr=subprocess.PIPE)
>>> print proc.stderr.read().strip()
Element mappings content does not follow the DTD, expecting (mapping)+, got ()
CheckConf Error: XML in 'tests/configs/no_mappings.xml' not valid, see error(s) above.

>>> len(proc.stdout.read().strip())
0

Missing mapping items
---------------------

This error is thrown by the DTD validator

>>> proc = subprocess.Popen(['python', 'checkconf.py', 'tests/configs/no_items.xml'],
...                         stdout=subprocess.PIPE,
...                         stderr=subprocess.PIPE)
>>> print proc.stderr.read().strip()
Element mapping content does not follow the DTD, expecting (pattern , argument+ , timeout), got ()
CheckConf Error: XML in 'tests/configs/no_items.xml' not valid, see error(s) above.

>>> len(proc.stdout.read().strip())
0
